<kmcd-random>
  <kmcd-properties>
    <kmcd>
      <kmcd-driver>
        <return-value>
          .
        </return-value>
        <msg-sender>
          ADMIN
        </msg-sender>
        <this>
          ADMIN
        </this>
        <current-time>
          0
        </current-time>
        <mcd-call-stack>
          .List
        </mcd-call-stack>
        <pre-state>
          .
        </pre-state>
        <events>
          .List
        </events>
        <tx-log>
          .Transaction
        </tx-log>
        <frame-events>
          .List
        </frame-events>
        <kevm>
          <k>
            .
          </k>
          <exit-code>
            0
          </exit-code>
          <mode>
            NORMAL
          </mode>
          <schedule>
            ISTANBUL
          </schedule>
          <ethereum>
            <evm>
              <output>
                b""
              </output>
              <statusCode>
                .StatusCode
              </statusCode>
              <endPC>
                0
              </endPC>
              <callStack>
                .List
              </callStack>
              <interimStates>
                .List
              </interimStates>
              <touchedAccounts>
                .Set
              </touchedAccounts>
              <callState>
                <program>
                  b""
                </program>
                <jumpDests>
                  .Set
                </jumpDests>
                <id>
                  .Account
                </id>
                <caller>
                  .Account
                </caller>
                <callData>
                  b""
                </callData>
                <callValue>
                  0
                </callValue>
                <wordStack>
                  .WordStack
                </wordStack>
                <localMem>
                  b""
                </localMem>
                <pc>
                  0
                </pc>
                <gas>
                  0
                </gas>
                <memoryUsed>
                  0
                </memoryUsed>
                <callGas>
                  0
                </callGas>
                <static>
                  false
                </static>
                <callDepth>
                  0
                </callDepth>
              </callState>
              <substate>
                <selfDestruct>
                  .Set
                </selfDestruct>
                <log>
                  .List
                </log>
                <refund>
                  0
                </refund>
              </substate>
              <gasPrice>
                0
              </gasPrice>
              <origin>
                .Account
              </origin>
              <blockhashes>
                .List
              </blockhashes>
              <block>
                <previousHash>
                  0
                </previousHash>
                <ommersHash>
                  0
                </ommersHash>
                <coinbase>
                  0
                </coinbase>
                <stateRoot>
                  0
                </stateRoot>
                <transactionsRoot>
                  0
                </transactionsRoot>
                <receiptsRoot>
                  0
                </receiptsRoot>
                <logsBloom>
                  b""
                </logsBloom>
                <difficulty>
                  0
                </difficulty>
                <number>
                  0
                </number>
                <gasLimit>
                  0
                </gasLimit>
                <gasUsed>
                  0
                </gasUsed>
                <timestamp>
                  0
                </timestamp>
                <extraData>
                  b""
                </extraData>
                <mixHash>
                  0
                </mixHash>
                <blockNonce>
                  0
                </blockNonce>
                <ommerBlockHeaders>
                  [ .JSONs ]
                </ommerBlockHeaders>
              </block>
            </evm>
            <network>
              <chainID>
                1
              </chainID>
              <activeAccounts>
                .Set
              </activeAccounts>
              <accounts>
                .AccountCellMap
              </accounts>
              <txOrder>
                .List
              </txOrder>
              <txPending>
                .List
              </txPending>
              <messages>
                .MessageCellMap
              </messages>
            </network>
          </ethereum>
        </kevm>
      </kmcd-driver>
      <kmcd-state>
        <cat>
          <cat-vat>
            Vat
          </cat-vat>
          <cat-vow>
            Vow
          </cat-vow>
          <cat-wards>
            SetItem ( Deploy )
            SetItem ( End )
          </cat-wards>
          <cat-ilks>
            .Map
          </cat-ilks>
          <cat-live>
            true
          </cat-live>
        </cat>
        <dai>
          <dai-wards>
            SetItem ( DaiJoin )
            SetItem ( Deploy )
          </dai-wards>
          <dai-totalSupply>
            FInt ( 0 , 1000000000000000000 )
          </dai-totalSupply>
          <dai-account-id>
            0
          </dai-account-id>
          <dai-balance>
            .Map
          </dai-balance>
          <dai-allowance>
            .Map
          </dai-allowance>
          <dai-nonce>
            .Map
          </dai-nonce>
        </dai>
        <end-state>
          <endPhase>
            false
          </endPhase>
          <end>
            <end-vat>
              Vat
            </end-vat>
            <end-cat>
              Cat
            </end-cat>
            <end-vow>
              Vow
            </end-vow>
            <end-pot>
              Pot
            </end-pot>
            <end-spot>
              Spot
            </end-spot>
            <end-wards>
              SetItem ( Deploy )
            </end-wards>
            <end-live>
              true
            </end-live>
            <end-when>
              0
            </end-when>
            <end-wait>
              0
            </end-wait>
            <end-debt>
              FInt ( 0 , 1000000000000000000000000000000000000000000000 )
            </end-debt>
            <end-tag>
              .Map
            </end-tag>
            <end-gap>
              .Map
            </end-gap>
            <end-art>
              .Map
            </end-art>
            <end-fix>
              .Map
            </end-fix>
            <end-bag>
              .Map
            </end-bag>
            <end-out>
              .Map
            </end-out>
          </end>
        </end-state>
        <flap-state>
          <flap-vat>
            Vat
          </flap-vat>
          <flap-mkr>
            Gem "MKR"
          </flap-mkr>
          <flap-wards>
            SetItem ( Deploy )
            SetItem ( Vow )
          </flap-wards>
          <flap-bids>
            .Map
          </flap-bids>
          <flap-kicks>
            0
          </flap-kicks>
          <flap-live>
            true
          </flap-live>
          <flap-beg>
            FInt ( 1050000000000000000 , 1000000000000000000 )
          </flap-beg>
          <flap-ttl>
            10800
          </flap-ttl>
          <flap-tau>
            172800
          </flap-tau>
        </flap-state>
        <flips>
          .FlipCellMap
        </flips>
        <flop-state>
          <flop-vat>
            Vat
          </flop-vat>
          <flop-mkr>
            Gem "MKR"
          </flop-mkr>
          <flop-wards>
            SetItem ( Deploy )
            SetItem ( Vow )
          </flop-wards>
          <flop-bids>
            .Map
          </flop-bids>
          <flop-kicks>
            0
          </flop-kicks>
          <flop-live>
            true
          </flop-live>
          <flop-beg>
            FInt ( 1050000000000000000 , 1000000000000000000 )
          </flop-beg>
          <flop-pad>
            FInt ( 1500000000000000000 , 1000000000000000000 )
          </flop-pad>
          <flop-ttl>
            10800
          </flop-ttl>
          <flop-tau>
            3600
          </flop-tau>
          <flop-vow>
            0
          </flop-vow>
        </flop-state>
        <gems>
          <gem>
            <gem-id>
              "MKR"
            </gem-id>
            <gem-wards>
              .Set
            </gem-wards>
            <gem-balances>
              Flap |-> FInt ( 0 , 1000000000000000000 )
            </gem-balances>
          </gem>
        </gems>
        <join-state>
          <gem-joins>
            .GemJoinCellMap
          </gem-joins>
          <dai-join>
            <dai-join-vat>
              Vat
            </dai-join-vat>
            <dai-join-gem-addr>
              Dai
            </dai-join-gem-addr>
            <dai-join-wards>
              SetItem ( Deploy )
            </dai-join-wards>
            <dai-join-live>
              true
            </dai-join-live>
          </dai-join>
        </join-state>
        <jug>
          <jug-vat>
            Vat
          </jug-vat>
          <jug-wards>
            SetItem ( Deploy )
          </jug-wards>
          <jug-ilks>
            .Map
          </jug-ilks>
          <jug-vow>
            Vow
          </jug-vow>
          <jug-base>
            FInt ( 0 , 1000000000000000000000000000 )
          </jug-base>
        </jug>
        <pot>
          <pot-vat>
            Vat
          </pot-vat>
          <pot-wards>
            SetItem ( Deploy )
            SetItem ( End )
          </pot-wards>
          <pot-pies>
            .Map
          </pot-pies>
          <pot-pie>
            FInt ( 0 , 1000000000000000000 )
          </pot-pie>
          <pot-dsr>
            FInt ( 1000000000000000000000000000 , 1000000000000000000000000000 )
          </pot-dsr>
          <pot-chi>
            FInt ( 1000000000000000000000000000 , 1000000000000000000000000000 )
          </pot-chi>
          <pot-vow>
            Vow
          </pot-vow>
          <pot-rho>
            0
          </pot-rho>
          <pot-live>
            true
          </pot-live>
        </pot>
        <spot>
          <spot-vat>
            Vat
          </spot-vat>
          <spot-wards>
            SetItem ( Deploy )
            SetItem ( End )
          </spot-wards>
          <spot-ilks>
            .Map
          </spot-ilks>
          <spot-par>
            FInt ( 1000000000000000000000000000 , 1000000000000000000000000000 )
          </spot-par>
          <spot-live>
            true
          </spot-live>
        </spot>
        <vat>
          <vat-wards>
            SetItem ( Cat )
            SetItem ( Deploy )
            SetItem ( End )
            SetItem ( Flop )
            SetItem ( Jug )
            SetItem ( Pot )
            SetItem ( Spot )
          </vat-wards>
          <vat-can>
            Vow |-> SetItem ( Flap )
          </vat-can>
          <vat-ilks>
            .Map
          </vat-ilks>
          <vat-urns>
            .Map
          </vat-urns>
          <vat-gem>
            .Map
          </vat-gem>
          <vat-dai>
            End |-> FInt ( 0 , 1000000000000000000000000000000000000000000000 )
            Flap |-> FInt ( 0 , 1000000000000000000000000000000000000000000000 )
            Pot |-> FInt ( 0 , 1000000000000000000000000000000000000000000000 )
            Vow |-> FInt ( 0 , 1000000000000000000000000000000000000000000000 )
          </vat-dai>
          <vat-sin>
            End |-> FInt ( 0 , 1000000000000000000000000000000000000000000000 )
            Flap |-> FInt ( 0 , 1000000000000000000000000000000000000000000000 )
            Pot |-> FInt ( 0 , 1000000000000000000000000000000000000000000000 )
            Vow |-> FInt ( 0 , 1000000000000000000000000000000000000000000000 )
          </vat-sin>
          <vat-debt>
            FInt ( 0 , 1000000000000000000000000000000000000000000000 )
          </vat-debt>
          <vat-vice>
            FInt ( 0 , 1000000000000000000000000000000000000000000000 )
          </vat-vice>
          <vat-Line>
            FInt ( 1000000000000000000000000000000000000000000000000000000000 , 1000000000000000000000000000000000000000000000 )
          </vat-Line>
          <vat-live>
            true
          </vat-live>
        </vat>
        <vow>
          <vow-vat>
            Vat
          </vow-vat>
          <vow-flapper>
            Flap
          </vow-flapper>
          <vow-flopper>
            Flop
          </vow-flopper>
          <vow-wards>
            SetItem ( Cat )
            SetItem ( Deploy )
            SetItem ( End )
          </vow-wards>
          <vow-sins>
            .Map
          </vow-sins>
          <vow-sin>
            FInt ( 0 , 1000000000000000000000000000000000000000000000 )
          </vow-sin>
          <vow-ash>
            FInt ( 0 , 1000000000000000000000000000000000000000000000 )
          </vow-ash>
          <vow-wait>
            0
          </vow-wait>
          <vow-dump>
            FInt ( 30000000000000000000 , 1000000000000000000 )
          </vow-dump>
          <vow-sump>
            FInt ( 50000000000000000000000000000000000000000000000 , 1000000000000000000000000000000000000000000000 )
          </vow-sump>
          <vow-bump>
            FInt ( 1000000000000000000000000000000000000000000000000000000 , 1000000000000000000000000000000000000000000000 )
          </vow-bump>
          <vow-hump>
            FInt ( 0 , 1000000000000000000000000000000000000000000000 )
          </vow-hump>
          <vow-live>
            true
          </vow-live>
        </vow>
      </kmcd-state>
    </kmcd>
    <processed-events>
      ListItem ( LogNote ( ADMIN , Gem "MKR" . init ) )
      ListItem ( Measure ( FInt ( 0 , 1000000000000000000000000000000000000000000000 ) , .Map , FInt ( 1000000000000000000000000000 , 1000000000000000000000000000 ) , FInt ( 0 , 1000000000000000000 ) , FInt ( 0 , 1000000000000000000000000000000000000000000000 ) , FInt ( 0 , 1000000000000000000000000000000000000000000000 ) , FInt ( 0 , 1000000000000000000000000000000000000000000000 ) , FInt ( 0 , 1000000000000000000000000000000000000000000000 ) , .Map , FInt ( 0 , 1000000000000000000 ) , .Map , FInt ( 0 , 1000000000000000000000000000000000000000000000 ) ) )
      ListItem ( LogNote ( ADMIN , Deploy . deploy Gem "MKR" ) )
      ListItem ( Measure ( FInt ( 0 , 1000000000000000000000000000000000000000000000 ) , .Map , FInt ( 1000000000000000000000000000 , 1000000000000000000000000000 ) , FInt ( 0 , 1000000000000000000 ) , FInt ( 0 , 1000000000000000000000000000000000000000000000 ) , FInt ( 0 , 1000000000000000000000000000000000000000000000 ) , FInt ( 0 , 1000000000000000000000000000000000000000000000 ) , FInt ( 0 , 1000000000000000000000000000000000000000000000 ) , .Map , FInt ( 0 , 1000000000000000000 ) , .Map , FInt ( 0 , 1000000000000000000000000000000000000000000000 ) ) )
      ListItem ( LogNote ( ADMIN , Gem "MKR" . initUser Flap ) )
      ListItem ( Measure ( FInt ( 0 , 1000000000000000000000000000000000000000000000 ) , .Map , FInt ( 1000000000000000000000000000 , 1000000000000000000000000000 ) , FInt ( 0 , 1000000000000000000 ) , FInt ( 0 , 1000000000000000000000000000000000000000000000 ) , FInt ( 0 , 1000000000000000000000000000000000000000000000 ) , FInt ( 0 , 1000000000000000000000000000000000000000000000 ) , FInt ( 0 , 1000000000000000000000000000000000000000000000 ) , .Map , FInt ( 0 , 1000000000000000000 ) , Flap |-> FInt ( 0 , 1000000000000000000 ) , FInt ( 0 , 1000000000000000000000000000000000000000000000 ) ) )
      ListItem ( LogNote ( ADMIN , Vat . initUser Vow ) )
      ListItem ( Measure ( FInt ( 0 , 1000000000000000000000000000000000000000000000 ) , Vow |-> FInt ( 0 , 1000000000000000000000000000000000000000000000 ) , FInt ( 1000000000000000000000000000 , 1000000000000000000000000000 ) , FInt ( 0 , 1000000000000000000 ) , FInt ( 0 , 1000000000000000000000000000000000000000000000 ) , FInt ( 0 , 1000000000000000000000000000000000000000000000 ) , FInt ( 0 , 1000000000000000000000000000000000000000000000 ) , FInt ( 0 , 1000000000000000000000000000000000000000000000 ) , Vow |-> FInt ( 0 , 1000000000000000000000000000000000000000000000 ) , FInt ( 0 , 1000000000000000000 ) , Flap |-> FInt ( 0 , 1000000000000000000 ) , FInt ( 0 , 1000000000000000000000000000000000000000000000 ) ) )
      ListItem ( LogNote ( ADMIN , Vat . initUser Pot ) )
      ListItem ( Measure ( FInt ( 0 , 1000000000000000000000000000000000000000000000 ) , Pot |-> FInt ( 0 , 1000000000000000000000000000000000000000000000 )
      Vow |-> FInt ( 0 , 1000000000000000000000000000000000000000000000 ) , FInt ( 1000000000000000000000000000 , 1000000000000000000000000000 ) , FInt ( 0 , 1000000000000000000 ) , FInt ( 0 , 1000000000000000000000000000000000000000000000 ) , FInt ( 0 , 1000000000000000000000000000000000000000000000 ) , FInt ( 0 , 1000000000000000000000000000000000000000000000 ) , FInt ( 0 , 1000000000000000000000000000000000000000000000 ) , Pot |-> FInt ( 0 , 1000000000000000000000000000000000000000000000 )
      Vow |-> FInt ( 0 , 1000000000000000000000000000000000000000000000 ) , FInt ( 0 , 1000000000000000000 ) , Flap |-> FInt ( 0 , 1000000000000000000 ) , FInt ( 0 , 1000000000000000000000000000000000000000000000 ) ) )
      ListItem ( LogNote ( ADMIN , Vat . initUser Flap ) )
      ListItem ( Measure ( FInt ( 0 , 1000000000000000000000000000000000000000000000 ) , Flap |-> FInt ( 0 , 1000000000000000000000000000000000000000000000 )
      Pot |-> FInt ( 0 , 1000000000000000000000000000000000000000000000 )
      Vow |-> FInt ( 0 , 1000000000000000000000000000000000000000000000 ) , FInt ( 1000000000000000000000000000 , 1000000000000000000000000000 ) , FInt ( 0 , 1000000000000000000 ) , FInt ( 0 , 1000000000000000000000000000000000000000000000 ) , FInt ( 0 , 1000000000000000000000000000000000000000000000 ) , FInt ( 0 , 1000000000000000000000000000000000000000000000 ) , FInt ( 0 , 1000000000000000000000000000000000000000000000 ) , Flap |-> FInt ( 0 , 1000000000000000000000000000000000000000000000 )
      Pot |-> FInt ( 0 , 1000000000000000000000000000000000000000000000 )
      Vow |-> FInt ( 0 , 1000000000000000000000000000000000000000000000 ) , FInt ( 0 , 1000000000000000000 ) , Flap |-> FInt ( 0 , 1000000000000000000 ) , FInt ( 0 , 1000000000000000000000000000000000000000000000 ) ) )
      ListItem ( LogNote ( ADMIN , Vat . initUser End ) )
      ListItem ( Measure ( FInt ( 0 , 1000000000000000000000000000000000000000000000 ) , End |-> FInt ( 0 , 1000000000000000000000000000000000000000000000 )
      Flap |-> FInt ( 0 , 1000000000000000000000000000000000000000000000 )
      Pot |-> FInt ( 0 , 1000000000000000000000000000000000000000000000 )
      Vow |-> FInt ( 0 , 1000000000000000000000000000000000000000000000 ) , FInt ( 1000000000000000000000000000 , 1000000000000000000000000000 ) , FInt ( 0 , 1000000000000000000 ) , FInt ( 0 , 1000000000000000000000000000000000000000000000 ) , FInt ( 0 , 1000000000000000000000000000000000000000000000 ) , FInt ( 0 , 1000000000000000000000000000000000000000000000 ) , FInt ( 0 , 1000000000000000000000000000000000000000000000 ) , End |-> FInt ( 0 , 1000000000000000000000000000000000000000000000 )
      Flap |-> FInt ( 0 , 1000000000000000000000000000000000000000000000 )
      Pot |-> FInt ( 0 , 1000000000000000000000000000000000000000000000 )
      Vow |-> FInt ( 0 , 1000000000000000000000000000000000000000000000 ) , FInt ( 0 , 1000000000000000000 ) , Flap |-> FInt ( 0 , 1000000000000000000 ) , FInt ( 0 , 1000000000000000000000000000000000000000000000 ) ) )
      ListItem ( LogNote ( ADMIN , Vat . file Line FInt ( 1000000000000000000000000000000000000000000000000000000000 , 1000000000000000000000000000000000000000000000 ) ) )
      ListItem ( Measure ( FInt ( 0 , 1000000000000000000000000000000000000000000000 ) , End |-> FInt ( 0 , 1000000000000000000000000000000000000000000000 )
      Flap |-> FInt ( 0 , 1000000000000000000000000000000000000000000000 )
      Pot |-> FInt ( 0 , 1000000000000000000000000000000000000000000000 )
      Vow |-> FInt ( 0 , 1000000000000000000000000000000000000000000000 ) , FInt ( 1000000000000000000000000000 , 1000000000000000000000000000 ) , FInt ( 0 , 1000000000000000000 ) , FInt ( 0 , 1000000000000000000000000000000000000000000000 ) , FInt ( 0 , 1000000000000000000000000000000000000000000000 ) , FInt ( 0 , 1000000000000000000000000000000000000000000000 ) , FInt ( 0 , 1000000000000000000000000000000000000000000000 ) , End |-> FInt ( 0 , 1000000000000000000000000000000000000000000000 )
      Flap |-> FInt ( 0 , 1000000000000000000000000000000000000000000000 )
      Pot |-> FInt ( 0 , 1000000000000000000000000000000000000000000000 )
      Vow |-> FInt ( 0 , 1000000000000000000000000000000000000000000000 ) , FInt ( 0 , 1000000000000000000 ) , Flap |-> FInt ( 0 , 1000000000000000000 ) , FInt ( 0 , 1000000000000000000000000000000000000000000000 ) ) )
      ListItem ( LogNote ( ADMIN , Vow . file bump FInt ( 1000000000000000000000000000000000000000000000000000000 , 1000000000000000000000000000000000000000000000 ) ) )
      ListItem ( Measure ( FInt ( 0 , 1000000000000000000000000000000000000000000000 ) , End |-> FInt ( 0 , 1000000000000000000000000000000000000000000000 )
      Flap |-> FInt ( 0 , 1000000000000000000000000000000000000000000000 )
      Pot |-> FInt ( 0 , 1000000000000000000000000000000000000000000000 )
      Vow |-> FInt ( 0 , 1000000000000000000000000000000000000000000000 ) , FInt ( 1000000000000000000000000000 , 1000000000000000000000000000 ) , FInt ( 0 , 1000000000000000000 ) , FInt ( 0 , 1000000000000000000000000000000000000000000000 ) , FInt ( 0 , 1000000000000000000000000000000000000000000000 ) , FInt ( 0 , 1000000000000000000000000000000000000000000000 ) , FInt ( 0 , 1000000000000000000000000000000000000000000000 ) , End |-> FInt ( 0 , 1000000000000000000000000000000000000000000000 )
      Flap |-> FInt ( 0 , 1000000000000000000000000000000000000000000000 )
      Pot |-> FInt ( 0 , 1000000000000000000000000000000000000000000000 )
      Vow |-> FInt ( 0 , 1000000000000000000000000000000000000000000000 ) , FInt ( 0 , 1000000000000000000 ) , Flap |-> FInt ( 0 , 1000000000000000000 ) , FInt ( 0 , 1000000000000000000000000000000000000000000000 ) ) )
      ListItem ( LogNote ( ADMIN , Vow . file hump FInt ( 0 , 1000000000000000000000000000000000000000000000 ) ) )
      ListItem ( Measure ( FInt ( 0 , 1000000000000000000000000000000000000000000000 ) , End |-> FInt ( 0 , 1000000000000000000000000000000000000000000000 )
      Flap |-> FInt ( 0 , 1000000000000000000000000000000000000000000000 )
      Pot |-> FInt ( 0 , 1000000000000000000000000000000000000000000000 )
      Vow |-> FInt ( 0 , 1000000000000000000000000000000000000000000000 ) , FInt ( 1000000000000000000000000000 , 1000000000000000000000000000 ) , FInt ( 0 , 1000000000000000000 ) , FInt ( 0 , 1000000000000000000000000000000000000000000000 ) , FInt ( 0 , 1000000000000000000000000000000000000000000000 ) , FInt ( 0 , 1000000000000000000000000000000000000000000000 ) , FInt ( 0 , 1000000000000000000000000000000000000000000000 ) , End |-> FInt ( 0 , 1000000000000000000000000000000000000000000000 )
      Flap |-> FInt ( 0 , 1000000000000000000000000000000000000000000000 )
      Pot |-> FInt ( 0 , 1000000000000000000000000000000000000000000000 )
      Vow |-> FInt ( 0 , 1000000000000000000000000000000000000000000000 ) , FInt ( 0 , 1000000000000000000 ) , Flap |-> FInt ( 0 , 1000000000000000000 ) , FInt ( 0 , 1000000000000000000000000000000000000000000000 ) ) )
      ListItem ( LogNote ( ADMIN , Vow . file sump FInt ( 50000000000000000000000000000000000000000000000 , 1000000000000000000000000000000000000000000000 ) ) )
      ListItem ( Measure ( FInt ( 0 , 1000000000000000000000000000000000000000000000 ) , End |-> FInt ( 0 , 1000000000000000000000000000000000000000000000 )
      Flap |-> FInt ( 0 , 1000000000000000000000000000000000000000000000 )
      Pot |-> FInt ( 0 , 1000000000000000000000000000000000000000000000 )
      Vow |-> FInt ( 0 , 1000000000000000000000000000000000000000000000 ) , FInt ( 1000000000000000000000000000 , 1000000000000000000000000000 ) , FInt ( 0 , 1000000000000000000 ) , FInt ( 0 , 1000000000000000000000000000000000000000000000 ) , FInt ( 0 , 1000000000000000000000000000000000000000000000 ) , FInt ( 0 , 1000000000000000000000000000000000000000000000 ) , FInt ( 0 , 1000000000000000000000000000000000000000000000 ) , End |-> FInt ( 0 , 1000000000000000000000000000000000000000000000 )
      Flap |-> FInt ( 0 , 1000000000000000000000000000000000000000000000 )
      Pot |-> FInt ( 0 , 1000000000000000000000000000000000000000000000 )
      Vow |-> FInt ( 0 , 1000000000000000000000000000000000000000000000 ) , FInt ( 0 , 1000000000000000000 ) , Flap |-> FInt ( 0 , 1000000000000000000 ) , FInt ( 0 , 1000000000000000000000000000000000000000000000 ) ) )
      ListItem ( LogNote ( ADMIN , Vow . file dump FInt ( 30000000000000000000 , 1000000000000000000 ) ) )
      ListItem ( Measure ( FInt ( 0 , 1000000000000000000000000000000000000000000000 ) , End |-> FInt ( 0 , 1000000000000000000000000000000000000000000000 )
      Flap |-> FInt ( 0 , 1000000000000000000000000000000000000000000000 )
      Pot |-> FInt ( 0 , 1000000000000000000000000000000000000000000000 )
      Vow |-> FInt ( 0 , 1000000000000000000000000000000000000000000000 ) , FInt ( 1000000000000000000000000000 , 1000000000000000000000000000 ) , FInt ( 0 , 1000000000000000000 ) , FInt ( 0 , 1000000000000000000000000000000000000000000000 ) , FInt ( 0 , 1000000000000000000000000000000000000000000000 ) , FInt ( 0 , 1000000000000000000000000000000000000000000000 ) , FInt ( 0 , 1000000000000000000000000000000000000000000000 ) , End |-> FInt ( 0 , 1000000000000000000000000000000000000000000000 )
      Flap |-> FInt ( 0 , 1000000000000000000000000000000000000000000000 )
      Pot |-> FInt ( 0 , 1000000000000000000000000000000000000000000000 )
      Vow |-> FInt ( 0 , 1000000000000000000000000000000000000000000000 ) , FInt ( 0 , 1000000000000000000 ) , Flap |-> FInt ( 0 , 1000000000000000000 ) , FInt ( 0 , 1000000000000000000000000000000000000000000000 ) ) )
      ListItem ( LogNote ( ADMIN , Flop . file tau 3600 ) )
      ListItem ( Measure ( FInt ( 0 , 1000000000000000000000000000000000000000000000 ) , End |-> FInt ( 0 , 1000000000000000000000000000000000000000000000 )
      Flap |-> FInt ( 0 , 1000000000000000000000000000000000000000000000 )
      Pot |-> FInt ( 0 , 1000000000000000000000000000000000000000000000 )
      Vow |-> FInt ( 0 , 1000000000000000000000000000000000000000000000 ) , FInt ( 1000000000000000000000000000 , 1000000000000000000000000000 ) , FInt ( 0 , 1000000000000000000 ) , FInt ( 0 , 1000000000000000000000000000000000000000000000 ) , FInt ( 0 , 1000000000000000000000000000000000000000000000 ) , FInt ( 0 , 1000000000000000000000000000000000000000000000 ) , FInt ( 0 , 1000000000000000000000000000000000000000000000 ) , End |-> FInt ( 0 , 1000000000000000000000000000000000000000000000 )
      Flap |-> FInt ( 0 , 1000000000000000000000000000000000000000000000 )
      Pot |-> FInt ( 0 , 1000000000000000000000000000000000000000000000 )
      Vow |-> FInt ( 0 , 1000000000000000000000000000000000000000000000 ) , FInt ( 0 , 1000000000000000000 ) , Flap |-> FInt ( 0 , 1000000000000000000 ) , FInt ( 0 , 1000000000000000000000000000000000000000000000 ) ) )
    </processed-events>
    <properties>
      "Debt Constant After Thaw" |-> debtConstantAfterThaw
      "Flap Dai Consistency" |-> flapDaiConsistency
      "Flap MKR Consistency" |-> flapMkrConsistency
      "Flop Block Check" |-> flopBlockCheck ( FInt ( 0 , 1000000000000000000000000000000000000000000000 ) , 0 )
      "Pot Interest Accumulation After End" |-> potEndInterest
      "PotChi PotPie VatPot" |-> potChiPieDai ( FInt ( 0 , 1000000000000000000000000000000000000000000000 ) )
      "Total Backed Debt Consistency" |-> totalBackedDebtConsistency
      "Total Bound on Debt" |-> totalDebtBoundedRun ( FInt ( 0 , 1000000000000000000000000000000000000000000000 ) , FInt ( 1000000000000000000000000000 , 1000000000000000000000000000 ) )
      "Unauthorized Flap Kick" |-> unAuthFlapKick
      "Unauthorized Flip Kick" |-> unAuthFlipKick
      "Zero-Time Pot Interest Accumulation" |-> zeroTimePotInterest
    </properties>
  </kmcd-properties>
  <kmcd-snapshots>
    .List
  </kmcd-snapshots>
  <kmcd-gen>
    <random>
      b""
    </random>
    <used-random>
      b""
    </used-random>
    <generator-next>
      0
    </generator-next>
    <generator-current>
      0
    </generator-current>
    <generator-remainder>
      .GenStep
    </generator-remainder>
    <generators>
      .GeneratorCellMap
    </generators>
  </kmcd-gen>
</kmcd-random>
